Using pre-set license
Built from '2022.3/staging' branch; Version is '2022.3.8f1 (b5eafc012955) revision 11922172'; Using compiler version '192829333'; Build Type 'Release'
OS: 'Windows 11  (10.0.22631) 64bit Professional' Language: 'ar' Physical Memory: 16205 MB
BatchMode: 1, IsHumanControllingUs: 0, StartBugReporterOnCrash: 0, Is64bit: 1, IsPro: 1

COMMAND LINE ARGUMENTS:
D:\Program Files\Unity\Hub\Editor\2022.3.8f1\Editor\Unity.exe
-adb2
-batchMode
-noUpm
-name
AssetImportWorker1
-projectPath
C:/Users/zxx-200/Desktop/game2/game2
-logFile
Logs/AssetImportWorker1.log
-srvPort
53437
Successfully changed project path to: C:/Users/zxx-200/Desktop/game2/game2
C:/Users/zxx-200/Desktop/game2/game2
[UnityMemory] Configuration Parameters - Can be set up in boot.config
    "memorysetup-bucket-allocator-granularity=16"
    "memorysetup-bucket-allocator-bucket-count=8"
    "memorysetup-bucket-allocator-block-size=33554432"
    "memorysetup-bucket-allocator-block-count=8"
    "memorysetup-main-allocator-block-size=16777216"
    "memorysetup-thread-allocator-block-size=16777216"
    "memorysetup-gfx-main-allocator-block-size=16777216"
    "memorysetup-gfx-thread-allocator-block-size=16777216"
    "memorysetup-cache-allocator-block-size=4194304"
    "memorysetup-typetree-allocator-block-size=2097152"
    "memorysetup-profiler-bucket-allocator-granularity=16"
    "memorysetup-profiler-bucket-allocator-bucket-count=8"
    "memorysetup-profiler-bucket-allocator-block-size=33554432"
    "memorysetup-profiler-bucket-allocator-block-count=8"
    "memorysetup-profiler-allocator-block-size=16777216"
    "memorysetup-profiler-editor-allocator-block-size=1048576"
    "memorysetup-temp-allocator-size-main=16777216"
    "memorysetup-job-temp-allocator-block-size=2097152"
    "memorysetup-job-temp-allocator-block-size-background=1048576"
    "memorysetup-job-temp-allocator-reduction-small-platforms=262144"
    "memorysetup-allocator-temp-initial-block-size-main=262144"
    "memorysetup-allocator-temp-initial-block-size-worker=262144"
    "memorysetup-temp-allocator-size-background-worker=32768"
    "memorysetup-temp-allocator-size-job-worker=262144"
    "memorysetup-temp-allocator-size-preload-manager=33554432"
    "memorysetup-temp-allocator-size-nav-mesh-worker=65536"
    "memorysetup-temp-allocator-size-audio-worker=65536"
    "memorysetup-temp-allocator-size-cloud-worker=32768"
    "memorysetup-temp-allocator-size-gi-baking-worker=262144"
    "memorysetup-temp-allocator-size-gfx=262144"
Player connection [3280] Host "[IP] 192.168.244.1 [Port] 0 [Flags] 2 [Guid] 2035057454 [EditorId] 2035057454 [Version] 1048832 [Id] WindowsEditor(7,MSI) [Debug] 1 [PackageName] WindowsEditor [ProjectName] Editor" joined multi-casting on [225.0.0.222:54997]...

Player connection [3280] Host "[IP] 192.168.244.1 [Port] 0 [Flags] 2 [Guid] 2035057454 [EditorId] 2035057454 [Version] 1048832 [Id] WindowsEditor(7,MSI) [Debug] 1 [PackageName] WindowsEditor [ProjectName] Editor" joined alternative multi-casting on [225.0.0.222:34997]...

[Physics::Module] Initialized MultithreadedJobDispatcher with 11 workers.
Refreshing native plugins compatible for Editor in 18.37 ms, found 4 plugins.
Preloading 0 native plugins for Editor in 0.00 ms.
Initialize engine version: 2022.3.8f1 (b5eafc012955)
[Subsystems] Discovering subsystems at path D:/Program Files/Unity/Hub/Editor/2022.3.8f1/Editor/Data/Resources/UnitySubsystems
[Subsystems] Discovering subsystems at path C:/Users/zxx-200/Desktop/game2/game2/Assets
GfxDevice: creating device client; threaded=0; jobified=0
Direct3D:
    Version:  Direct3D 11.0 [level 11.1]
    Renderer: NVIDIA GeForce GTX 1650 with Max-Q Design (ID=0x1f9d)
    Vendor:   NVIDIA
    VRAM:     3937 MB
    Driver:   31.0.15.5212
Initialize mono
Mono path[0] = 'D:/Program Files/Unity/Hub/Editor/2022.3.8f1/Editor/Data/Managed'
Mono path[1] = 'D:/Program Files/Unity/Hub/Editor/2022.3.8f1/Editor/Data/MonoBleedingEdge/lib/mono/unityjit-win32'
Mono config path = 'D:/Program Files/Unity/Hub/Editor/2022.3.8f1/Editor/Data/MonoBleedingEdge/etc'
Using monoOptions --debugger-agent=transport=dt_socket,embedding=1,server=y,suspend=n,address=127.0.0.1:56656
Begin MonoManager ReloadAssembly
Registering precompiled unity dll's ...
Register platform support module: D:/Program Files/Unity/Hub/Editor/2022.3.8f1/Editor/Data/PlaybackEngines/WebGLSupport/UnityEditor.WebGL.Extensions.dll
Register platform support module: D:/Program Files/Unity/Hub/Editor/2022.3.8f1/Editor/Data/PlaybackEngines/WindowsStandaloneSupport/UnityEditor.WindowsStandalone.Extensions.dll
Registered in 0.006855 seconds.
- Loaded All Assemblies, in  0.532 seconds
Native extension for WindowsStandalone target not found
Native extension for WebGL target not found
Mono: successfully reloaded assembly
- Finished resetting the current domain, in  0.309 seconds
Domain Reload Profiling: 841ms
	BeginReloadAssembly (210ms)
		ExecutionOrderSort (0ms)
		DisableScriptedObjects (0ms)
		BackupInstance (0ms)
		ReleaseScriptingObjects (0ms)
		CreateAndSetChildDomain (1ms)
	RebuildCommonClasses (54ms)
	RebuildNativeTypeToScriptingClass (15ms)
	initialDomainReloadingComplete (68ms)
	LoadAllAssembliesAndSetupDomain (185ms)
		LoadAssemblies (210ms)
		RebuildTransferFunctionScriptingTraits (0ms)
		AnalyzeDomain (182ms)
			TypeCache.Refresh (181ms)
				TypeCache.ScanAssembly (164ms)
			ScanForSourceGeneratedMonoScriptInfo (0ms)
			ResolveRequiredComponents (0ms)
	FinalizeReload (309ms)
		ReleaseScriptCaches (0ms)
		RebuildScriptCaches (0ms)
		SetupLoadedEditorAssemblies (238ms)
			LogAssemblyErrors (0ms)
			InitializePlatformSupportModulesInManaged (11ms)
			SetLoadedEditorAssemblies (6ms)
			RefreshPlugins (0ms)
			BeforeProcessingInitializeOnLoad (2ms)
			ProcessInitializeOnLoadAttributes (162ms)
			ProcessInitializeOnLoadMethodAttributes (56ms)
			AfterProcessingInitializeOnLoad (0ms)
			EditorAssembliesLoaded (0ms)
		ExecutionOrderSort2 (0ms)
		AwakeInstancesAfterBackupRestoration (0ms)
========================================================================
Worker process is ready to serve import requests
Begin MonoManager ReloadAssembly
- Loaded All Assemblies, in  0.873 seconds
Refreshing native plugins compatible for Editor in 6.67 ms, found 4 plugins.
Native extension for WindowsStandalone target not found
Native extension for WebGL target not found
Package Manager log level set to [2]
[Package Manager] Server::EnsureServerProcessIsRunning -- launch failed, reason: Unity was launched with the -noUpm command-line argument
[Package Manager] UpmClient::Send -- Unable to send message (not connected to UPM process).
[Package Manager] Cannot connect to Unity Package Manager local server
Mono: successfully reloaded assembly
- Finished resetting the current domain, in  0.952 seconds
Domain Reload Profiling: 1821ms
	BeginReloadAssembly (238ms)
		ExecutionOrderSort (0ms)
		DisableScriptedObjects (8ms)
		BackupInstance (0ms)
		ReleaseScriptingObjects (0ms)
		CreateAndSetChildDomain (26ms)
	RebuildCommonClasses (46ms)
	RebuildNativeTypeToScriptingClass (13ms)
	initialDomainReloadingComplete (46ms)
	LoadAllAssembliesAndSetupDomain (525ms)
		LoadAssemblies (440ms)
		RebuildTransferFunctionScriptingTraits (0ms)
		AnalyzeDomain (246ms)
			TypeCache.Refresh (213ms)
				TypeCache.ScanAssembly (189ms)
			ScanForSourceGeneratedMonoScriptInfo (25ms)
			ResolveRequiredComponents (7ms)
	FinalizeReload (952ms)
		ReleaseScriptCaches (0ms)
		RebuildScriptCaches (0ms)
		SetupLoadedEditorAssemblies (755ms)
			LogAssemblyErrors (0ms)
			InitializePlatformSupportModulesInManaged (6ms)
			SetLoadedEditorAssemblies (4ms)
			RefreshPlugins (0ms)
			BeforeProcessingInitializeOnLoad (83ms)
			ProcessInitializeOnLoadAttributes (617ms)
			ProcessInitializeOnLoadMethodAttributes (42ms)
			AfterProcessingInitializeOnLoad (4ms)
			EditorAssembliesLoaded (0ms)
		ExecutionOrderSort2 (0ms)
		AwakeInstancesAfterBackupRestoration (10ms)
Launched and connected shader compiler UnityShaderCompiler.exe after 0.07 seconds
Refreshing native plugins compatible for Editor in 6.19 ms, found 4 plugins.
Preloading 0 native plugins for Editor in 0.00 ms.
Unloading 4055 Unused Serialized files (Serialized files now loaded: 0)
Unloading 63 unused Assets / (60.9 KB). Loaded Objects now: 4518.
Memory consumption went from 140.9 MB to 140.8 MB.
Total: 5.223600 ms (FindLiveObjects: 0.301100 ms CreateObjectMapping: 0.315400 ms MarkObjects: 4.463100 ms  DeleteObjects: 0.142700 ms)

AssetImportParameters requested are different than current active one (requested -> active):
  custom:container-demuxer-ogg: 62fdf1f143b41e24485cea50d1cbac27 -> 
  custom:video-decoder-ogg-theora: a1e56fd34408186e4bbccfd4996cb3dc -> 
  custom:framework-win-MediaFoundation: 216162199b28c13a410421893ffa2e32 -> 
  custom:container-demuxer-webm: 4f35f7cbe854078d1ac9338744f61a02 -> 
  custom:container-muxer-webm: aa71ff27fc2769a1b78a27578f13a17b -> 
  custom:video-decoder-webm-vp8: 9c59270c3fd7afecdb556c50c9e8de78 -> 
  custom:AudioImporter_EditorPlatform: d09bf68614088b80899f8185d706f6e7 -> 
  custom:video-encoder-webm-vp8: eb34c28f22e8b96e1ab97ce403110664 -> 
  custom:audio-decoder-ogg-vorbis: bf7c407c2cedff20999df2af8eb42d56 -> 
  custom:audio-encoder-webm-vorbis: bf7c407c2cedff20999df2af8eb42d56 -> 
========================================================================
Received Import Request.
  Time since last request: 346282.304087 seconds.
  path: Assets/Main Menu UI.unity
  artifactKey: Guid(49f46ccc1777e3f4dac2ef8221bfcf98) Importer(815301076,1909f56bfc062723c751e8b465ee728b)
Start importing Assets/Main Menu UI.unity using Guid(49f46ccc1777e3f4dac2ef8221bfcf98) Importer(815301076,1909f56bfc062723c751e8b465ee728b)  -> (artifact id: 'fe1b634b3cbcd601280944d30946c205') in 0.002891 seconds
Number of updated asset objects reloaded before import = 0
Number of asset objects unloaded after import = 0
========================================================================
Received Import Request.
  Time since last request: 0.000025 seconds.
  path: Assets/game1.unity
  artifactKey: Guid(c81d2246d5c193f4ba79faf71d2aea58) Importer(815301076,1909f56bfc062723c751e8b465ee728b)
Start importing Assets/game1.unity using Guid(c81d2246d5c193f4ba79faf71d2aea58) Importer(815301076,1909f56bfc062723c751e8b465ee728b)  -> (artifact id: 'd434caa7a9114118edf3e1b352813797') in 0.000526 seconds
Number of updated asset objects reloaded before import = 0
Number of asset objects unloaded after import = 0
========================================================================
Received Prepare
Begin MonoManager ReloadAssembly
- Loaded All Assemblies, in  0.520 seconds
Refreshing native plugins compatible for Editor in 5.68 ms, found 4 plugins.
Native extension for WindowsStandalone target not found
Native extension for WebGL target not found
[Package Manager] Server::EnsureServerProcessIsRunning -- launch failed, reason: Unity was launched with the -noUpm command-line argument
[Package Manager] UpmClient::Send -- Unable to send message (not connected to UPM process).
[Package Manager] Cannot connect to Unity Package Manager local server
Mono: successfully reloaded assembly
- Finished resetting the current domain, in  1.244 seconds
Domain Reload Profiling: 1761ms
	BeginReloadAssembly (223ms)
		ExecutionOrderSort (0ms)
		DisableScriptedObjects (15ms)
		BackupInstance (0ms)
		ReleaseScriptingObjects (0ms)
		CreateAndSetChildDomain (39ms)
	RebuildCommonClasses (34ms)
	RebuildNativeTypeToScriptingClass (15ms)
	initialDomainReloadingComplete (25ms)
	LoadAllAssembliesAndSetupDomain (219ms)
		LoadAssemblies (343ms)
		RebuildTransferFunctionScriptingTraits (0ms)
		AnalyzeDomain (13ms)
			TypeCache.Refresh (6ms)
				TypeCache.ScanAssembly (0ms)
			ScanForSourceGeneratedMonoScriptInfo (0ms)
			ResolveRequiredComponents (6ms)
	FinalizeReload (1245ms)
		ReleaseScriptCaches (0ms)
		RebuildScriptCaches (0ms)
		SetupLoadedEditorAssemblies (574ms)
			LogAssemblyErrors (0ms)
			InitializePlatformSupportModulesInManaged (6ms)
			SetLoadedEditorAssemblies (4ms)
			RefreshPlugins (0ms)
			BeforeProcessingInitializeOnLoad (75ms)
			ProcessInitializeOnLoadAttributes (457ms)
			ProcessInitializeOnLoadMethodAttributes (29ms)
			AfterProcessingInitializeOnLoad (3ms)
			EditorAssembliesLoaded (0ms)
		ExecutionOrderSort2 (0ms)
		AwakeInstancesAfterBackupRestoration (12ms)
Refreshing native plugins compatible for Editor in 5.48 ms, found 4 plugins.
Preloading 0 native plugins for Editor in 0.00 ms.
Unloading 4030 Unused Serialized files (Serialized files now loaded: 0)
Unloading 35 unused Assets / (34.7 KB). Loaded Objects now: 4523.
Memory consumption went from 134.8 MB to 134.8 MB.
Total: 3.819900 ms (FindLiveObjects: 0.419600 ms CreateObjectMapping: 0.577300 ms MarkObjects: 2.770700 ms  DeleteObjects: 0.051600 ms)

Prepare: number of updated asset objects reloaded= 0
AssetImportParameters requested are different than current active one (requested -> active):
  custom:container-demuxer-ogg: 62fdf1f143b41e24485cea50d1cbac27 -> 
  custom:video-decoder-ogg-theora: a1e56fd34408186e4bbccfd4996cb3dc -> 
  custom:framework-win-MediaFoundation: 216162199b28c13a410421893ffa2e32 -> 
  custom:CustomObjectIndexerAttribute: 756ad292c208cfabdd7b50bc23989ffe -> 
  custom:container-demuxer-webm: 4f35f7cbe854078d1ac9338744f61a02 -> 
  custom:container-muxer-webm: aa71ff27fc2769a1b78a27578f13a17b -> 
  custom:video-decoder-webm-vp8: 9c59270c3fd7afecdb556c50c9e8de78 -> 
  custom:SearchIndexIgnoredProperties: e643bd26f0fe6173181afceb89e7c659 -> 
  custom:AudioImporter_EditorPlatform: d09bf68614088b80899f8185d706f6e7 -> 
  custom:video-encoder-webm-vp8: eb34c28f22e8b96e1ab97ce403110664 -> 
  custom:audio-decoder-ogg-vorbis: bf7c407c2cedff20999df2af8eb42d56 -> 
  custom:audio-encoder-webm-vorbis: bf7c407c2cedff20999df2af8eb42d56 -> 
========================================================================
Received Prepare
Begin MonoManager ReloadAssembly
- Loaded All Assemblies, in  0.488 seconds
Refreshing native plugins compatible for Editor in 5.91 ms, found 4 plugins.
Native extension for WindowsStandalone target not found
Native extension for WebGL target not found
[Package Manager] Server::EnsureServerProcessIsRunning -- launch failed, reason: Unity was launched with the -noUpm command-line argument
[Package Manager] UpmClient::Send -- Unable to send message (not connected to UPM process).
[Package Manager] Cannot connect to Unity Package Manager local server
Mono: successfully reloaded assembly
- Finished resetting the current domain, in  1.184 seconds
Domain Reload Profiling: 1671ms
	BeginReloadAssembly (214ms)
		ExecutionOrderSort (0ms)
		DisableScriptedObjects (16ms)
		BackupInstance (0ms)
		ReleaseScriptingObjects (0ms)
		CreateAndSetChildDomain (45ms)
	RebuildCommonClasses (30ms)
	RebuildNativeTypeToScriptingClass (11ms)
	initialDomainReloadingComplete (25ms)
	LoadAllAssembliesAndSetupDomain (205ms)
		LoadAssemblies (317ms)
		RebuildTransferFunctionScriptingTraits (0ms)
		AnalyzeDomain (13ms)
			TypeCache.Refresh (6ms)
				TypeCache.ScanAssembly (0ms)
			ScanForSourceGeneratedMonoScriptInfo (0ms)
			ResolveRequiredComponents (6ms)
	FinalizeReload (1185ms)
		ReleaseScriptCaches (0ms)
		RebuildScriptCaches (0ms)
		SetupLoadedEditorAssemblies (543ms)
			LogAssemblyErrors (0ms)
			InitializePlatformSupportModulesInManaged (4ms)
			SetLoadedEditorAssemblies (3ms)
			RefreshPlugins (0ms)
			BeforeProcessingInitializeOnLoad (69ms)
			ProcessInitializeOnLoadAttributes (436ms)
			ProcessInitializeOnLoadMethodAttributes (28ms)
			AfterProcessingInitializeOnLoad (2ms)
			EditorAssembliesLoaded (0ms)
		ExecutionOrderSort2 (0ms)
		AwakeInstancesAfterBackupRestoration (12ms)
Refreshing native plugins compatible for Editor in 5.74 ms, found 4 plugins.
Preloading 0 native plugins for Editor in 0.00 ms.
Unloading 4031 Unused Serialized files (Serialized files now loaded: 0)
Unloading 35 unused Assets / (34.7 KB). Loaded Objects now: 4527.
Memory consumption went from 135.1 MB to 135.1 MB.
Total: 3.701200 ms (FindLiveObjects: 0.299500 ms CreateObjectMapping: 0.308100 ms MarkObjects: 3.045800 ms  DeleteObjects: 0.047100 ms)

Prepare: number of updated asset objects reloaded= 0
AssetImportParameters requested are different than current active one (requested -> active):
  custom:container-demuxer-ogg: 62fdf1f143b41e24485cea50d1cbac27 -> 
  custom:video-decoder-ogg-theora: a1e56fd34408186e4bbccfd4996cb3dc -> 
  custom:framework-win-MediaFoundation: 216162199b28c13a410421893ffa2e32 -> 
  custom:CustomObjectIndexerAttribute: 756ad292c208cfabdd7b50bc23989ffe -> 
  custom:container-demuxer-webm: 4f35f7cbe854078d1ac9338744f61a02 -> 
  custom:container-muxer-webm: aa71ff27fc2769a1b78a27578f13a17b -> 
  custom:video-decoder-webm-vp8: 9c59270c3fd7afecdb556c50c9e8de78 -> 
  custom:SearchIndexIgnoredProperties: e643bd26f0fe6173181afceb89e7c659 -> 
  custom:AudioImporter_EditorPlatform: d09bf68614088b80899f8185d706f6e7 -> 
  custom:video-encoder-webm-vp8: eb34c28f22e8b96e1ab97ce403110664 -> 
  custom:audio-decoder-ogg-vorbis: bf7c407c2cedff20999df2af8eb42d56 -> 
  custom:audio-encoder-webm-vorbis: bf7c407c2cedff20999df2af8eb42d56 -> 
========================================================================
Received Import Request.
  Time since last request: 5629.675515 seconds.
  path: Assets/mygame/aimation/jump.png
  artifactKey: Guid(a531ce979daf214439f47daeb458ec61) Importer(815301076,1909f56bfc062723c751e8b465ee728b)
Start importing Assets/mygame/aimation/jump.png using Guid(a531ce979daf214439f47daeb458ec61) Importer(815301076,1909f56bfc062723c751e8b465ee728b)  -> (artifact id: 'a80ac68d199ff05c42eed5b4810f1ebf') in 0.445213 seconds
Number of updated asset objects reloaded before import = 0
Number of asset objects unloaded after import = 8
========================================================================
Received Import Request.
  Time since last request: 3.115852 seconds.
  path: Assets/mygame/img/and gate1.png
  artifactKey: Guid(1400a6fb21ca1224ab393d331bd64d90) Importer(815301076,1909f56bfc062723c751e8b465ee728b)
Start importing Assets/mygame/img/and gate1.png using Guid(1400a6fb21ca1224ab393d331bd64d90) Importer(815301076,1909f56bfc062723c751e8b465ee728b)  -> (artifact id: 'f9cf0a587c8d927d0ba6c2faee903840') in 0.020351 seconds
Number of updated asset objects reloaded before import = 0
Number of asset objects unloaded after import = 3
========================================================================
Received Import Request.
  Time since last request: 0.000016 seconds.
  path: Assets/mygame/img/blueF.png
  artifactKey: Guid(920aa012882296e45a77ebafbf9ead1b) Importer(815301076,1909f56bfc062723c751e8b465ee728b)
Start importing Assets/mygame/img/blueF.png using Guid(920aa012882296e45a77ebafbf9ead1b) Importer(815301076,1909f56bfc062723c751e8b465ee728b)  -> (artifact id: 'bc7d2065ba21e2d0d7c99b1106623fb1') in 0.017994 seconds
Number of updated asset objects reloaded before import = 0
Number of asset objects unloaded after import = 3
========================================================================
Received Import Request.
  Time since last request: 0.000045 seconds.
  path: Assets/mygame/img/Capsule.png
  artifactKey: Guid(235d6bd426e869f4fb7b4295e0c47d6f) Importer(815301076,1909f56bfc062723c751e8b465ee728b)
Start importing Assets/mygame/img/Capsule.png using Guid(235d6bd426e869f4fb7b4295e0c47d6f) Importer(815301076,1909f56bfc062723c751e8b465ee728b)  -> (artifact id: '8e6c241a6da822cfe9d59e59c40f43de') in 0.020586 seconds
Number of updated asset objects reloaded before import = 0
Number of asset objects unloaded after import = 3
========================================================================
Received Import Request.
  Time since last request: 0.000016 seconds.
  path: Assets/mygame/img/Capsule2.png
  artifactKey: Guid(24e0d0ccc9b7b864eb05bcee8050582d) Importer(815301076,1909f56bfc062723c751e8b465ee728b)
Start importing Assets/mygame/img/Capsule2.png using Guid(24e0d0ccc9b7b864eb05bcee8050582d) Importer(815301076,1909f56bfc062723c751e8b465ee728b)  -> (artifact id: '3024a01f33f1150fe629749e40bcec2e') in 0.018347 seconds
Number of updated asset objects reloaded before import = 0
Number of asset objects unloaded after import = 3
========================================================================
Received Import Request.
  Time since last request: 0.000016 seconds.
  path: Assets/mygame/img/Default.png
  artifactKey: Guid(820a1c9b53fec7e44b574c204c5b32f1) Importer(815301076,1909f56bfc062723c751e8b465ee728b)
Start importing Assets/mygame/img/Default.png using Guid(820a1c9b53fec7e44b574c204c5b32f1) Importer(815301076,1909f56bfc062723c751e8b465ee728b)  -> (artifact id: '0b406a52646ab97f553d0e2082b90702') in 0.018618 seconds
Number of updated asset objects reloaded before import = 0
Number of asset objects unloaded after import = 3
========================================================================
Received Import Request.
  Time since last request: 0.068292 seconds.
  path: Assets/mygame/img/Default 2.png
  artifactKey: Guid(58c1bf0580f195a4295f9bf57e8a82bb) Importer(815301076,1909f56bfc062723c751e8b465ee728b)
Start importing Assets/mygame/img/Default 2.png using Guid(58c1bf0580f195a4295f9bf57e8a82bb) Importer(815301076,1909f56bfc062723c751e8b465ee728b)  -> (artifact id: 'aad96df052f58b5cea7c8d100177556b') in 0.022097 seconds
Number of updated asset objects reloaded before import = 0
Number of asset objects unloaded after import = 3
========================================================================
Received Import Request.
  Time since last request: 0.000012 seconds.
  path: Assets/mygame/img/Default 1.png
  artifactKey: Guid(040a0d185569e9f4395719606d4fca5e) Importer(815301076,1909f56bfc062723c751e8b465ee728b)
Start importing Assets/mygame/img/Default 1.png using Guid(040a0d185569e9f4395719606d4fca5e) Importer(815301076,1909f56bfc062723c751e8b465ee728b)  -> (artifact id: '7d4bec61822b59d8051b09b02106f6df') in 0.021715 seconds
Number of updated asset objects reloaded before import = 0
Number of asset objects unloaded after import = 3
========================================================================
Received Import Request.
  Time since last request: 0.000018 seconds.
  path: Assets/mygame/img/greenTT.png
  artifactKey: Guid(59bb211fd5785014b837fc4e494e7fd6) Importer(815301076,1909f56bfc062723c751e8b465ee728b)
Start importing Assets/mygame/img/greenTT.png using Guid(59bb211fd5785014b837fc4e494e7fd6) Importer(815301076,1909f56bfc062723c751e8b465ee728b)  -> (artifact id: '139d89ef33a00dc674062f6e74e90111') in 0.018342 seconds
Number of updated asset objects reloaded before import = 0
Number of asset objects unloaded after import = 3
========================================================================
Received Import Request.
  Time since last request: 0.000016 seconds.
  path: Assets/mygame/img/greenF.png
  artifactKey: Guid(a81c571c6e9432f419e1d30af19d33e5) Importer(815301076,1909f56bfc062723c751e8b465ee728b)
Start importing Assets/mygame/img/greenF.png using Guid(a81c571c6e9432f419e1d30af19d33e5) Importer(815301076,1909f56bfc062723c751e8b465ee728b)  -> (artifact id: '6d0cc4ad2f6e611527ee530dea4212fc') in 0.023104 seconds
Number of updated asset objects reloaded before import = 0
Number of asset objects unloaded after import = 3
========================================================================
Received Import Request.
  Time since last request: 0.000018 seconds.
  path: Assets/mygame/img/redF.png
  artifactKey: Guid(c923c169b3c98e14d9b91ff51046661f) Importer(815301076,1909f56bfc062723c751e8b465ee728b)
Start importing Assets/mygame/img/redF.png using Guid(c923c169b3c98e14d9b91ff51046661f) Importer(815301076,1909f56bfc062723c751e8b465ee728b)  -> (artifact id: '768b3e765e2c7d3bbf479682b9d742bc') in 0.017185 seconds
Number of updated asset objects reloaded before import = 0
Number of asset objects unloaded after import = 3
========================================================================
Received Import Request.
  Time since last request: 0.000018 seconds.
  path: Assets/mygame/img/redTT.png
  artifactKey: Guid(06d496c05d3933f47b56f1200a5bd553) Importer(815301076,1909f56bfc062723c751e8b465ee728b)
Start importing Assets/mygame/img/redTT.png using Guid(06d496c05d3933f47b56f1200a5bd553) Importer(815301076,1909f56bfc062723c751e8b465ee728b)  -> (artifact id: 'c66c36d8d548d06f25f1b3a978ae0c1b') in 0.017172 seconds
Number of updated asset objects reloaded before import = 0
Number of asset objects unloaded after import = 3
========================================================================
Received Import Request.
  Time since last request: 0.000017 seconds.
  path: Assets/mygame/img/doorR.png
  artifactKey: Guid(2ff009ffb47110a4f82e4a03361eec41) Importer(815301076,1909f56bfc062723c751e8b465ee728b)
Start importing Assets/mygame/img/doorR.png using Guid(2ff009ffb47110a4f82e4a03361eec41) Importer(815301076,1909f56bfc062723c751e8b465ee728b)  -> (artifact id: '742a3b8e483944a0991d7a297399d0c1') in 0.026613 seconds
Number of updated asset objects reloaded before import = 0
Number of asset objects unloaded after import = 3
========================================================================
Received Import Request.
  Time since last request: 0.000021 seconds.
  path: Assets/mygame/img/WhatsApp Image 2024-05-06 at 7.53.41 PM (2).jpeg
  artifactKey: Guid(9bc9a81d1ffed324798f58c8af343aef) Importer(815301076,1909f56bfc062723c751e8b465ee728b)
Start importing Assets/mygame/img/WhatsApp Image 2024-05-06 at 7.53.41 PM (2).jpeg using Guid(9bc9a81d1ffed324798f58c8af343aef) Importer(815301076,1909f56bfc062723c751e8b465ee728b)  -> (artifact id: 'b1d7b0ac3c777a4b84b71326eafde33d') in 0.029124 seconds
Number of updated asset objects reloaded before import = 0
Number of asset objects unloaded after import = 3
========================================================================
Received Import Request.
  Time since last request: 0.000020 seconds.
  path: Assets/mygame/img/win.png
  artifactKey: Guid(9e78986ebce711647bb9e5425e939d04) Importer(815301076,1909f56bfc062723c751e8b465ee728b)
Start importing Assets/mygame/img/win.png using Guid(9e78986ebce711647bb9e5425e939d04) Importer(815301076,1909f56bfc062723c751e8b465ee728b)  -> (artifact id: '70ec8b935988ceb94fab884885c326c1') in 0.059797 seconds
Number of updated asset objects reloaded before import = 0
Number of asset objects unloaded after import = 3
========================================================================
Received Import Request.
  Time since last request: 0.000029 seconds.
  path: Assets/mygame/img/WhatsApp Image 2024-05-06 at 7.53.40 PM.jpeg
  artifactKey: Guid(bd5955cd0c266c444a5983390fd318ba) Importer(815301076,1909f56bfc062723c751e8b465ee728b)
Start importing Assets/mygame/img/WhatsApp Image 2024-05-06 at 7.53.40 PM.jpeg using Guid(bd5955cd0c266c444a5983390fd318ba) Importer(815301076,1909f56bfc062723c751e8b465ee728b)  -> (artifact id: '5aabe14c95edaba2a88a45d2f8898245') in 0.035194 seconds
Number of updated asset objects reloaded before import = 0
Number of asset objects unloaded after import = 3
========================================================================
Received Import Request.
  Time since last request: 0.000018 seconds.
  path: Assets/mygame/img/place2.png
  artifactKey: Guid(ff2db958945940d408c5c75a6c9de18c) Importer(815301076,1909f56bfc062723c751e8b465ee728b)
Start importing Assets/mygame/img/place2.png using Guid(ff2db958945940d408c5c75a6c9de18c) Importer(815301076,1909f56bfc062723c751e8b465ee728b)  -> (artifact id: '61be993b19275a2413262e08002b2f72') in 0.039188 seconds
Number of updated asset objects reloaded before import = 0
Number of asset objects unloaded after import = 3
Editor requested this worker to shutdown with reason: Scaling down because of idle timeout
TcpMessagingSession - receive error: operation aborted. errorcode: 995, details: The I/O operation has been aborted because of either a thread exit or an application request.
AssetImportWorker is now disconnected from the server
Process exiting
Exiting without the bug reporter. Application will terminate with return code 0